------[ Mon Nov 13 13:30:18 2017 ]------
FAIL : tests write1.c
FAIL : tests write10.c
PASS : tests exit1.c
FAIL : tests exec1.c
FAIL : tests join1.c
------[ Mon Nov 13 18:00:22 2017 ]------
FAIL : tests write1.c
FAIL : tests write10.c
PASS : tests exit1.c
FAIL : tests exec1.c
FAIL : tests join1.c
------[ Mon Nov 13 19:00:28 2017 ]------
FAIL : tests write1.c
FAIL : tests write10.c
PASS : tests exit1.c
FAIL : tests exec1.c
FAIL : tests join1.c
------[ Mon Nov 13 19:30:19 2017 ]------
PASS : tests write1.c
FAIL : tests write10.c
PASS : tests exit1.c
FAIL : tests exec1.c
FAIL : tests join1.c
------[ Mon Nov 13 21:30:18 2017 ]------
PASS : tests write1.c
FAIL : tests write10.c
PASS : tests exit1.c
FAIL : tests exec1.c
FAIL : tests join1.c
------[ Tue Nov 14 14:00:28 2017 ]------
PASS : tests write1.c
FAIL : tests write10.c
PASS : tests exit1.c
FAIL : tests exec1.c
FAIL : tests join1.c
------[ Wed Nov 15 15:00:21 2017 ]------
PASS : tests write1.c
FAIL : tests write10.c
PASS : tests exit1.c
FAIL : tests exec1.c
FAIL : tests join1.c
------[ Wed Nov 15 15:30:20 2017 ]------
PASS : tests write1.c
FAIL : tests write10.c
PASS : tests exit1.c
FAIL : tests exec1.c
FAIL : tests join1.c
------[ Wed Nov 15 16:00:25 2017 ]------
PASS : tests write1.c
FAIL : tests write10.c
PASS : tests exit1.c
FAIL : tests exec1.c
FAIL : tests join1.c
------[ Wed Nov 15 16:30:33 2017 ]------
PASS : tests write1.c
FAIL : tests write10.c
PASS : tests exit1.c
FAIL : tests exec1.c
FAIL : tests join1.c
------[ Wed Nov 15 17:00:29 2017 ]------
PASS : tests write1.c
FAIL : tests write10.c
PASS : tests exit1.c
FAIL : tests exec1.c
FAIL : tests join1.c
------[ Wed Nov 15 17:30:37 2017 ]------
PASS : tests write1.c
PASS : tests write10.c
PASS : tests exit1.c
FAIL : tests exec1.c
FAIL : tests join1.c
------[ Wed Nov 15 21:00:20 2017 ]------
PASS : tests write1.c
PASS : tests write10.c
PASS : tests exit1.c
FAIL : tests exec1.c
FAIL : tests join1.c
------[ Thu Nov 16 22:00:25 2017 ]------
PASS : tests write1.c
PASS : tests write10.c
PASS : tests exit1.c
FAIL : tests exec1.c
FAIL : tests join1.c
------[ Fri Nov 17 11:00:21 2017 ]------
PASS : tests write1.c
PASS : tests write10.c
PASS : tests exit1.c
FAIL : tests exec1.c
FAIL : tests join1.c
------[ Fri Nov 17 20:30:19 2017 ]------
PASS : tests write1.c
PASS : tests write10.c
PASS : tests exit1.c
FAIL : tests exec1.c
FAIL : tests join1.c
------[ Tue Nov 21 00:30:51 2017 ]------
PASS : tests write1.c
PASS : tests write10.c
PASS : tests exit1.c
PASS : tests exec1.c
FAIL : tests join1.c
------[ Tue Nov 21 18:01:03 2017 ]------
PASS : tests write1.c
PASS : tests write10.c
PASS : tests exit1.c
PASS : tests exec1.c
FAIL : tests join1.c
------[ Tue Nov 21 18:31:22 2017 ]------
PASS : tests write1.c
PASS : tests write10.c
PASS : tests exit1.c
PASS : tests exec1.c
FAIL : tests join1.c
------[ Tue Nov 21 19:00:58 2017 ]------
PASS : tests write1.c
PASS : tests write10.c
PASS : tests exit1.c
PASS : tests exec1.c
FAIL : tests join1.c
------[ Tue Nov 21 19:31:36 2017 ]------
PASS : tests write1.c
PASS : tests write10.c
PASS : tests exit1.c
PASS : tests exec1.c
FAIL : tests join1.c
------[ Tue Nov 21 20:01:32 2017 ]------
PASS : tests write1.c
PASS : tests write10.c
PASS : tests exit1.c
PASS : tests exec1.c
FAIL : tests join1.c
------[ Tue Nov 21 20:32:02 2017 ]------
PASS : tests write1.c
PASS : tests write10.c
PASS : tests exit1.c
PASS : tests exec1.c
PASS : tests join1.c
------[ Tue Nov 21 21:01:22 2017 ]------
PASS : tests write1.c
PASS : tests write10.c
PASS : tests exit1.c
PASS : tests exec1.c
PASS : tests join1.c
------[ Tue Nov 21 21:31:23 2017 ]------
PASS : tests write1.c
PASS : tests write10.c
PASS : tests exit1.c
PASS : tests exec1.c
PASS : tests join1.c
------[ Tue Nov 21 22:33:08 2017 ]------
PASS : tests write1.c
PASS : tests write10.c
PASS : tests exit1.c
FAIL : tests exec1.c
FAIL : tests join1.c
------[ Tue Nov 21 23:02:08 2017 ]------
PASS : tests write1.c
PASS : tests write10.c
PASS : tests exit1.c
FAIL : tests exec1.c
FAIL : tests join1.c
------[ Wed Nov 22 00:01:32 2017 ]------
PASS : tests write1.c
PASS : tests write10.c
PASS : tests exit1.c
PASS : tests exec1.c
PASS : tests join1.c
------[ Wed Nov 22 00:30:24 2017 ]------
PASS : tests write1.c
PASS : tests write10.c
PASS : tests exit1.c
PASS : tests exec1.c
PASS : tests join1.c
------[ Tue Dec  5 15:00:21 2017 ]------
PASS : tests write1.c
PASS : tests write10.c
PASS : tests exit1.c
PASS : tests exec1.c
PASS : tests join1.c
------[ Tue Dec  5 15:30:21 2017 ]------
PASS : tests write1.c
PASS : tests write10.c
PASS : tests exit1.c
PASS : tests exec1.c
PASS : tests join1.c
